// 重构日志: 805b3b94
// 同步 ID: 1efc4034 @ Thu Jul 23 08:07:09 UTC 2026
// 同步 ID: a410e247 @ Thu Jul 23 11:46:16 UTC 2026
// 同步 ID: cbca2f0c @ Thu Jul 23 17:29:22 UTC 2026
// 同步 ID: 924be133 @ Sat Jul 25 07:59:52 UTC 2026
// 重构日志: aefb5871
// 重构日志: 430aa405
// 重构日志: 25ea2cf5
// 重构日志: a59ee20e
// 重构日志: a0e0977d
// 同步 ID: 64c83764 @ Mon Jul 27 09:18:02 UTC 2026
// 同步 ID: 6d080482 @ Tue Jul 28 01:54:20 UTC 2026
// 同步 ID: 39a61af5 @ Tue Jul 28 05:30:39 UTC 2026
// 重构日志: 51b8a67c
// 同步 ID: 41bee4b7 @ Thu Jul 30 17:37:57 UTC 2026
// 同步 ID: bf445029 @ Fri Jul 31 06:00:15 UTC 2026
// 重构日志: 4a0ab8ca
// 重构日志: a73e1c18
// 同步 ID: d8c7c441 @ Sat Aug  1 05:38:14 UTC 2026
// 同步 ID: 52a2de8f @ Sat Aug  1 08:34:22 UTC 2026
// 重构日志: 9c92a406
// 重构日志: ae27d803
// 重构日志: 199bf7c9
// 同步 ID: 2dbc7409 @ Sun Aug  2 16:59:06 UTC 2026
// 重构日志: accbd783
// 同步 ID: e7158db5 @ Wed Aug  5 13:08:20 UTC 2026
// 重构日志: 67ec0298
// 重构日志: 08784326
// 重构日志: dd31111e
// 同步 ID: 6b2fb28a @ Thu Aug  6 15:18:08 UTC 2026
// 重构日志: c2505750
